>NODE_1_length_442_cov_0.940568
CCTACGGGGGGCAGCAGTGAGGAATATTGCGCAATGGGCGAAAGCCTGACGCAGCGACGC
CGCGTGGGTGATGAAGGTCTTCGGATCGTAAAGCCCTTTTCTGCGTGACGAGAGAGGACG
GTAGCGCAGGAAAAAGTGTCGGCTAACTACGTGCCAGCAGCCGCGGTAAAACGTAGGACG
CAAACGTTATCCGGAATTACTGGGCGTAAAGGGCGCGCAGGCGGCGCGGTAAGTGAGGCA
TGAAAGCTCCCTGGCTAAACCGGGAGAGGTTGTCTGAGACTGCCGTGCTAGAGTGAGGTA
GAGGGATGTGGAATTCCGCGTGTAGTGGTGAAATGCGTAGAGATGCGGAGGAACACCAGT
GGCGAAGGCGGCATCCTGGACCTCAACTGACGCTGAGGCGCGAAAGCATGGGTAGCGAAC
GGGATTAGATACCCGTGTAGTC
>NODE_2_length_366_cov_8.025723
TGTGTACAAGTCCCGCGAACGACGAGCCTCCCGCCACGGGACGCGCCCATCCCCGCCGCC
TCGCCGCCCTTCTCCGGTGCCGGCCGCGGGGCCTTGCCGGCAACGGTCGGTAACGGGCAG
ATCCCAGGAGCGAAGGGCCCTCAGAGACTACCCCACCAACGCACTCCGACTCCGGGGGGG
CGGCAGGGAGCGCGGCCCTGCTTCCCTCCCTAACCCTGCCCTCCCTAACCCACTACCTGT
GGGGAAGGCGCTTCCCTCCGCGGAGCGGACAGAAGCCGCCACGAGCCCGGCAGGAGGTTC
CTACTTCTCCGACCACCTCTCCAGCCGCCGCAGAAACCGCAGAACTGAGCTGACGACCTC
CATGCA
>NODE_3_length_349_cov_1871.292517
TGTGGTACAAGCCCCGCGAACGTATTCACCGCGCCATGGCTGATGCGCGATTACTAGCGA
ATCCAGCTTCGTGGGGTCGGGTTGCAGACCCCAGTCCGAACTGGGACCGGCTTTCAAGAT
TTGATGCAATTTGCATTACACCATCCCTCTGTACCGGCCATTGTAACACGTGTGTAGCCC
CGGACGTAAGGGCCGTGCTGATTTGACGTCATCCCCACCTTCCTCACACCTTACGGTGGC
AGTGTCTCCAGAGTGCCCAGCATTACCTGATGGCAACTGAAGAGAGGGGTTGCGCTCGTT
ATGGCACTTAAGCCGACACCTCACGGCACGAGCTGACGACCCCCATGCA
>NODE_4_length_348_cov_9.784983
TGCATGGGAGTCGTCAGCTCGTGCCGTGAGGTGTCAGGTTAAGTCCTATAACGAGCGCAA
CCCCTATTGTTAGTTACCAGCACGTCATGGTGGGGACTCTAGCAAGACTGCCGGTGTAAA
CCGTGAGGAAGGTGGGGATGACGTCAAATCATCACGGCCCTTACATCTTGGGCTACACAC
GTGCTACAATGGTCGTTACAGAGAGCAGCCACTGCGTGAGCAGGAGCGAATCTATAAAGA
CGATCACAGTTCGGATCGGAGTCTGCAACTCGACTCCGTGAAGCTGGAATCGCTAGTAAT
CGGATATCAGCCATGATCCGGTGAATACGTTCGCGGGACTTGTACACA
>NODE_5_length_348_cov_1.051195
TGCATGGGAGTCGTCAGCTCGTGCCGTGAGGTGTTGGGTTAAGTCCCGCAACGAGCGCAA
CCCCTACTGCCGGTTACTAACAGGTAGCGCTGAGGACTCAGGCGGAACTGCCTGCGACAA
GCAGGAGGAAGGCGGGGACGACGTCAAGTCATCATGGCCCTTATGTCCAGGGCTACACAC
GTGCTACAATGGCCGCCACAGAGCGGAGCGAAGCCGAGAGGCGGAGCAGAACGCAGAAAA
GCGGTCGTAGTCCGGATTGAAGTCTGAAACTCGACTTCATGAAGCTGGAATCGCTAGTAA
CCGCACATCAGCACGGCGCGGTGAATACGTTCACGGGACTTGTACACA
>NODE_6_length_346_cov_62.683849
TGTGTACAAGCCCCGCGAACGCATTCACCGCGGCGTGCTGATCCGCGATTACTAGCAACT
CCGACTTCATGGAGGCGGGTTGCAGCCTCCAATCCGAACTGGGACCGGCTTTAGGGATTC
GCTCACCCTCGCGGGTTGGCAGCCCATTGTGCCGGCCATTGTAGCACGTGTGTAGCCCAG
GACATAAGGGGCATGATGACTTGACGTCGTCCCCACCTTCCTCCGGCTTGACGCCGGCGG
TCTCGTATGGGTGCCCGGCCTAACCGCTGGCAACATACGACGAGGGTTGCGCTCGTTGCA
GGACTTAACCTAACATCTCACGACACGAGCTGACGACTTCCATGCA
>NODE_7_length_310_cov_474.654902
GTGTCGTGAGATGTTGGGTTAAGTCCCGCAACGAGCGCAACCCTTATTACTAGTTACCAG
CATTTCGGATGGGGACTCTAGAAAGACTGCCGATGATAAATCGGAGGAAGGTGGGGATGA
CGTCAAATCATCATGCCCTATATGCCCTGGGCAACACACGTGCTACAATGGCCGTAACAA
AGAGAAGCGAAATCGCAAGGTCAAGCAAACCTCAAAAAGACGGTCTCAGTTCGGATTGTT
CTCTGCAACTCGAGAACATGAAGTCGGAGTTGCTAGTAATCGCAGATCAGAATGCTGCGG
TGAATGCGTT
>NODE_8_length_306_cov_6336.254980
AACGCATTCACCGCAGCATTCTGATCTGCGATTACTAGCAACTCCGACTTCATGTAGGCG
AGTTTCAGCCTACAATCCGAACTGGGGCTGGTTTTTGAGCTTTGCTCCACCTTGCGGTCT
TGCTTCTCTTTGTACCAGCCATTGTAGCACGTGTGTAGCCCAGAACATAAGGGGCATGAT
GATTTGACGTCATCCCCACCTTCCTCCGAGTTGTCCCCGGCAGTCTCACTAGAGTGCCCA
ACTTAATGATGGCAACTAATGACAAGGGTTGCGCTCGTTGCGGGACTTAACCCAACATCT
CACGAC
>NODE_9_length_288_cov_463.553648
CGTCAGCTCGTGTCGTGAGATGTTGGGTTAAGTCCCGCAACGAGCGCAACCCTTTTCCTT
ATTTGCCAGCGGGTTAAGCCGGGAACTTTAAGGATACTGCCAGTGACAAACTGGAGGAAG
GCGGGGACGACGTCAAGTCATCATGGCCCTTACGACCAGGGCTACACACGTGCTACAATG
GTCGGTACAAAGGGTTGCTACCTAGCGATAGGATGCTAATCTCAAAAAGCCGATCGTAGT
CCGGATTGGAGTCTGCAACTCGACTCCATGAAGTCGGAATCGCTAGTA
>NODE_10_length_278_cov_4656.349776
ACTCCGACTTCATGGGGTCGAGTTGCAGACCCCAATCCGAACTGAGACCGGCTTTTAGGG
ATTAGCTCCACCTCACAGTATCGCAACCCTCTGTACCGGCCATTGTAGCATGCGTGAAGC
CCAAGACATAAGGGGCATGATGATTTGACGTCATCCCCACCTTCCTCCGAGTTAACCCCG
GCAGTCCCCCACGAGTCCCCACCATCACGTGCTGGCAACATAGGGCAAGGGTTGCGCTCG
TTGCGGGACTTAACCCAACATCTCACGACACGAGCTGA
>NODE_11_length_274_cov_28902.397260
TATTGTTAGTTGCCATCATTCAGTTGGGCACTCTAGCGAGACTGCCGGTAATAAACCGGA
GGAAGGTGGGGATGACGTCAAATCATCATGCCCCTTATGACCTGGGCTACACACGTGCTA
CAATGGCTGGTACAACGAGTCGCAAGCCGGTGACGGCAAGCTAATCTCTTAAAGCCAGTC
TCAGTTCGGATTGTAGGCTGCAACTCGCCTACATGAAGTCGGAATCGCTAGTAATCGCGG
ATCAGCACGCCGCGGTGAATACGTTCGCGGGACT
>NODE_12_length_237_cov_297.060440
AAGCCCCGCGAACGTATTCACCGCGGCATGCTGATCCGCGATTACTAGCGATTCCGACTT
CATGCAGGCGGGTTGCAGCCTGCAATCCGAACTGGGGACGGCTTTATGGGATTCGCTTGC
CATCGCTGGCTCGCTGCTCTCTGTACCGCCCATTGTAGCACGTGTGTAGCCCAGGGTATA
AAGGGCATGATGATTTGACGTCATCCCCACCTTCCTCCGGTTTGTCACCGGCAGTCC
>NODE_13_length_211_cov_12702.923077
GTGTGTACAAGCCCCGCGAACGTATTCACCGCGACATTCTGATTCGCGATTACTAGCGAT
TCCAGCTTCATGTAGTCGAGTTGCAGACTACAATCCGAACTGAGAATAGTTTTGTGAGGT
TTGCTTACTCTCGCGAGCTCGCTTCTCTTTGTTCCTATCCATTGTAGCACGTGTGTAGCC
CAAGTCATAAGGGGCATGATGATTTGACGTC
>NODE_14_length_202_cov_668.299320
AAGTCCCGCGAACGTATTCACCGCGGCATTCTGATCCGCGATTACTAGCGATTCCAGCTT
CATGAAGTCGAGTTGCAGACTTCAATCCGAACTGAGACTGTCTTTTAGTGATTCGCTTCC
TATCGCTAGGTCGCTGCACGTTGTAACAGCCATTGTAGTACGTGTGTAGCCCAGGCCATA
AGGGGCATGATGATTTGACGTC
>NODE_15_length_201_cov_1698.034247
AGTCCCGCGAACGTATTCACCGCGGCGTGCTGATCCGCGATTACTAGCGATTCCGGCTTC
ATGTAGGCGAGTTGCAGCCTACAATCCGAACTGAGAATGGCTTTAAGAGATTCGCTTACC
CTCGCGAGTTCGCTGCTCGTTGTACCATCCATTGTAGCACGTGTGTAGCCCAAGTCATAA
GGGGCATGATGATTTGACGTC
>NODE_16_length_201_cov_534.691781
AGCCCCGCGAACGTATTCACCGCGGCATGCTGATCCGCGATTACTAGCGATTCCAACTTC
ATGGAGTCGAGTTGCAGACTCCAATCCGAACTGAGACTATCTTTCAGTGATTCGCTTCTG
TTCGCACAGTCGCTCCACGTTGTAATAGCCATTGTAGTACGTGTGTAGCCCAGGCCATAA
GGGGCATGATGATTTGACGTC
>NODE_17_length_199_cov_97.854167
AGCCCCGCGAACGTATTCACCGCGGCATGCTGATCCGCGATTACTAGCGATTCCAGCTTC
ATGCACTCGAGTTGCAGAGTGCAATCCGGACTACGATCGGTTTTCTGGGATTAGCTCCCC
CTCGCGGGTTGGCAACCCTCTGTTCCGACCATTGTATGACGTGTGAAGCCCTACCCATAA
GGGCCATGAGGACTTGACG
>NODE_18_length_189_cov_53.992537
TACTAGCGATTCCGACTTCATGGAGTCGAGTTGCAGACTCCAATCCGGACTACGAACGGT
TTTACGGGATTAGCTCCACCTCGCGGTTTGGCAACCCTTTGTACCGCCCATTGTAGCACG
TGTGTAGCCCTGGTCGTAAGGGCCATGATGACTTGACGTCATCCCCACCTTCCTCCGGTT
TGTCACCGG
>NODE_19_length_185_cov_24.023077
AGCGATTCCGACTTCACGCAGTCGAGTTGCAGACTGCGATCCGGACTACGATCGGTTTTG
TGAGATTAGCTCCACCTCGCGGCTTGGCAACCCTCTGTACCGACCATTGTAGCACGTGTG
TAGCCCAGGCCGTAAGGGCCATGATGACTTGACGTCATCCCCACCTTCCTCCGGTTTGTC
ACCGG
>NODE_20_length_174_cov_3847.210084
TGTAGCACGTGTGTAGCCCAAGTCATAAGGGGCATGATGATTTGACGTCATCCCCGCCTT
CCTCCAGGTTATCACTGGCAGTCTGTCTAGAGTCCCCATCTTACTGCTGGCAACTAGACA
TAGGGGTTGCGCTCGTTGCGGGACTTAACCCAACATCTCACGACACGAGCTGAC
>NODE_21_length_166_cov_1919.900901
CGATTACTAGCGACTCCGACTTCATGGGGTCGAGTTGCAGACCCCAATCCGAACTAAGGC
CGGCTTTCAGCGATTCGCTCCACCTCACAGTGTCGCTGCGCGTTGTACCGACCATTGTAG
CATGTGTGAAGCCCTGGACATAAGGGGCATGATGATTTGACGTCAT
>NODE_22_length_164_cov_9776.559633
GTGTAGCCCAAGTCATAAGGGGCATGATGATTTGACGTCATCCCCACCTTCCTCCAGTTT
ATCACTGGCAGTCTATCTAGAGTCCCCATCTTACTGCTGGCAACTAGATATAAGGGTTGC
GCTCGTTGCGGGACTTAACCCAACATCTCACGACACGAGCTGAC
>NODE_23_length_154_cov_287.030303
AGCGATTCCGACTTCACGCAGTCGAGTTGCAGACTGCGATCCGGACTACGATCGGGTTTC
TGAGATTGGCTCCCCCTCGCGGGTTGGCGACCCTCTGTCCCGACCATTGTATGACGTGTG
AAGCCCTACCCATAAGGGCCATGAGGACTTGACG
>NODE_24_length_154_cov_86.474747
ATGACGTCAAATCATCATGCCCCTTATGTCCAGGGCTTCACACATGCTACAATGGCCGGT
ACAGAGGGCTGCGATGCCGTGAGGCGGAGCGAATCTCTTAAAGCCGGTCTCAGTTCGGAT
TGGGGTCTGCAACTCGACCCCATGAAGTCGGAGT
>NODE_25_length_147_cov_293.195652
GTCAGCTCGTGTCGTGAGATGTTGGGTTAAGTCCCGCAACGAGCGCAACCCCTACACTTA
GTTGCCAGCGGGTGAAGCCGGGCACTCTAAGAGGACTGCCGGTGACAAACCGGAGGAAGG
TGGGGATGACGTCAAATCATCATGCCC
>NODE_26_length_145_cov_526.622222
TCAGCTCGTGTCGTGAGATGTTGGGTTAAGTCCCGCAACGAGCGCAACCCTTGCCTTCAG
TTACCAGCATTCAGTTGGGGACTCTGGAGGGACTGCCGGTGATAAACCGGAGGAAGGTGG
GGATGACGTCAAATCATCATGCCCC
>NODE_27_length_144_cov_88.325843
CAGCTCGTGTCGTGAGATGTTGGGTTAAGTCCCGCAACGAGCGCAACCCTTGTCCCGTGT
TGCCAGCACGTTGTGGTGGGGACTCGCGGGAGACTGCCGGGGTCAACTCGGAGGAAGGTG
GGGATGACGTCAAATCATCATGCC
>NODE_28_length_143_cov_411.920455
GGGGCATGATGATTTGACGTCATCCCCACCTTCCTCCGGTTTATCACCGGCAGTCTCTCC
AGAGTCCCCAACTTAATGATGGTAACTGAAGACAAGGGTTGCGCTCGTTGCGGGACTTAA
CCCAACATCTCACGACACGAGCT
>NODE_29_length_141_cov_1301.802326
AGCTCGTGTCGTGAGATGTTGGGTTAAGTCCCGCAACGAGCGCAACCCTTGTCTTATGTT
GCCAGCATTTGGTTGGGGACTCATGAGAGACTGCCGGGGTCAACTCGGAGGAAGGTGGGG
ATGACGTCAAATCATCATGCC
>NODE_30_length_138_cov_1313.626506
GTGTCGTGAGATGTTGGGTTAAGTCCCGCAACGAGCGCAACCCTTATTACTAGTTGCCAG
CATTGAGTTGGGCACTCTAGTGAGACTGCCGGTGACAAACCGGAGGAAGGTGGGGATGAC
GTCAAATCATCATGCCCC
>NODE_31_length_129_cov_186.405405
GTCGTGAGATGTTGGGTTAAGTCCCGCAACGAGCGCAACCCTTGTCATTAGTTGCTACGC
AAGAGCACTCTAATGAGACTGCCGGTGACAAACCGGAGGAAGGTGGGGATGACGTCAAGT
CCTCATGGC
>NODE_32_length_129_cov_72.689189
CAGCTCGTGTCGTGAGATGTTGGGTTAAGTCCCGCAACGAGCGCAACCCTTGTCCTTAGT
TGCTACGCAAGAGCACTCTAAGGAGACTGCCGGTGACAAACCGGAGGAAGGTGGGGATGA
CGTCAAGTC
>NODE_33_length_108_cov_144.396226
CCGATCGTAGTCCGGATCGCAGTCTGCAACTCGACTGCGTGAAGTCGGAATCGCTAGTAA
TCGCGGATCAGAATGTCGCGGTGAATACGTTCGCGGGACTTGTACACA
>NODE_34_length_107_cov_16982.711538
GTCAGCTCGTGTCGTGAGATGTTGGGTTAAGTCCCGCAACGAGCGCAACCCCTATTGTTA
GTTGCCATCATTCAGTTGGGCACTCTAGCGAGACTGCCGGTAATAAA
>NODE_35_length_106_cov_6825.333333
TTTATTACCGGCAGTCTCGCTAGAGTGCCCAACTGAATGATGGCAACTAACAATAAGGGT
TGCGCTCGTTGCGGGACTTAACCCAACATCTCACGACACGAGCTGA
>NODE_36_length_101_cov_1064.304348
AGTTCGGATTGGGGTCTGCAACTCGACCCCATGAAGTCGGAGTCGCTAGTAATCGCAGAT
CAGCAATGCTGCGGTGAATACGTTCACGGGACTTGTACACA
>NODE_37_length_97_cov_292.285714
AAGTCCCGCGAACGTATTCACCGCGGCATTCTGATCCGCGATTACTAGCGATTCCGACTT
CATGGAGTCGAGTTGCAGACTCCAATCCGGACTACGA
>NODE_38_length_93_cov_420.710526
CCGACCATTGTATGACGTGTGAAGCCCTACCCATAAGGGCCATGAGGACTTGACGTCATC
CCCACCTTCCTCCGGTTTGTCACCGGCAGTCTC
>NODE_39_length_89_cov_2221.323529
GAGACTGCCGGGGTCAACTCGGAGGAAGGTGGGGATGACGTCAAATCATCATGCCCCTTA
TGTCCAGGGCTTCACACATGCTACAATGG
>NODE_40_length_89_cov_1603.647059
AGCCATTGTAGTACGTGTGTAGCCCAGGCCATAAGGGGCATGATGATTTGACGTCATCCC
CACCTTCCTCCGGTTTATCACCGGCAGTC
>NODE_41_length_73_cov_2006.555556
GACTGCCGGTGACAAACCGGAGGAAGGTGGGGATGACGTCAAATCATCATGCCCCTTATG
ACTTGGGCTACAC
>NODE_42_length_72_cov_2894.529412
TGTGTACAAGTCCCGCGAACGCATTCACCGCAGCATTCTGATCTGCGATTACTAGCAACT
CCGACTTCATGT
>NODE_43_length_70_cov_50.533333
ACTCTAAGGAGACTGCCGGTGACAAACCGGAGGAAGGTGGGGATGACGTCAAGTCATCAT
GGCCCTTACG
>NODE_44_length_67_cov_183.416667
CGATTACTAGCGACTCCGACTTCATGGGGTCGAGTTGCAGACCCCAATCCGAACTGAGAC
CGGCTTT
>NODE_45_length_65_cov_16504.800000
GGAGGAAGGTGGGGATGACGTCAAATCATCATGCCCCTTATGACTTGGGCTACACACGTG
CTACA
>NODE_46_length_64_cov_26519.666667
GGGTTGCGCTCGTTGCGGGACTTAACCCAACATCTCACGACACGAGCTGACGACCCCCAT
GCAA
>NODE_47_length_64_cov_5263.444444
GCAACTAATGACAAGGGTTGCGCTCGTTGCGGGACTTAACCCAACATCTCACGACACGAG
CTGA
>NODE_48_length_63_cov_4654.625000
TGTGTACAAGTCCCGCGAACGTATTCACCGCGGCGTGCTGATCCGCGATTACTAGCGATT
CCG
>NODE_49_length_63_cov_89.125000
GCCATGAGGACTTGACGTCATCCCCACCTTCCTCCGGTTTGTCACCGGCAGTCTCCTTAG
AGT
>NODE_50_length_62_cov_1600.714286
AACTAGTAATAAGGGTTGCGCTCGTTGCGGGACTTAACCCAACATCTCACGACACGAGCT
GA
>NODE_51_length_62_cov_180.142857
TGTGTACAAGTCCCGCGAACGTATTCACCGCGGCATTCTGATCCGCGATTACTAGCGATT
CC
>NODE_52_length_62_cov_147.428571
TGTGTACAAGCCCCGCGAACGTATTCACCGCGGCATGCTGATCCGCGATTACTAGCGATT
CC
>NODE_53_length_61_cov_21669.833333
GGGGATGACGTCAAATCATCATGCCCCTTATGACTTGGGCTACACACGTGCTACAATGGA
T
>NODE_54_length_59_cov_24061.500000
ATAGGGGTTGCGCTCGTTGCGGGACTTAACCCAACATCTCACGACACGAGCTGACGACC
>NODE_55_length_57_cov_41183.500000
GGTCGTCAGCTCGTGTCGTGAGATGTTGGGTTAAGTCCCGCAACGAGCGCAACCCTT
>NODE_56_length_57_cov_25748.500000
ATAAGGGTTGCGCTCGTTGCGGGACTTAACCCAACATCTCACGACACGAGCTGACGA
>NODE_57_length_57_cov_12755.500000
GACAAGGGTTGCGCTCGTTGCGGGACTTAACCCAACATCTCACGACACGAGCTGACG
>NODE_58_length_57_cov_7539.500000
GGCAAGGGTTGCGCTCGTTGCGGGACTTAACCCAACATCTCACGACACGAGCTGACG
>NODE_59_length_57_cov_1711.000000
AAGACAAGGGTTGCGCTCGTTGCGGGACTTAACCCAACATCTCACGACACGAGCTGA
>NODE_60_length_56_cov_26111.000000
TCGTCAGCTCGTGTCGTGAGATGTTGGGTTAAGTCCCGCAACGAGCGCAACCCTTG
>NODE_61_length_56_cov_8349.000000
GTCAGCTCGTGTCGTGAGATGTTGGGTTAAGTCCCGCAACGAGCGCAACCCTTATT
>NODE_62_length_56_cov_384.000000
GGGGGGGGGGGGGGGGGGGGGGGGGGGGGGGGGGGGGGGGGGGGGGGGGGGGGGGG
>NODE_63_length_56_cov_185.000000
TCAGCTCGTGTCGTGAGATGTTGGGTTAAGTCCCGCAACGAGCGCAACCCTTGTCC
>NODE_64_length_56_cov_100.000000
GGACTGCCGGTGACAAACCGGAGGAAGGTGGGGATGACGTCAAATCATCATGCCCC
>NODE_65_length_56_cov_85.000000
TGGAATCGCTAGTAATCGCGGATCAGCATGCCGCGGTGAATACGTTCGCGGGGCTT
